// Vitest Snapshot v1, https://vitest.dev/guide/snapshot.html

exports[`n-table > should work with \`size\` prop 1`] = `"--n-bezier: cubic-bezier(.4, 0, .2, 1); --n-td-color: #fff; --n-td-color-modal: #fff; --n-td-color-popover: #fff; --n-td-text-color: rgb(51, 54, 57); --n-border-color: rgba(239, 239, 245, 1); --n-border-color-modal: rgba(239, 239, 245, 1); --n-border-color-popover: rgba(239, 239, 245, 1); --n-border-radius: 3px; --n-font-size: 14px; --n-th-color: rgba(250, 250, 252, 1); --n-th-color-modal: rgba(250, 250, 252, 1); --n-th-color-popover: rgba(250, 250, 252, 1); --n-th-font-weight: 500; --n-th-text-color: rgb(31, 34, 37); --n-line-height: 1.6; --n-td-padding: 6px; --n-th-padding: 6px; --n-td-color-striped: rgba(250, 250, 252, 1); --n-td-color-striped-modal: rgba(250, 250, 252, 1); --n-td-color-striped-popover: rgba(250, 250, 252, 1);"`;

exports[`n-table > should work with \`size\` prop 2`] = `"--n-bezier: cubic-bezier(.4, 0, .2, 1); --n-td-color: #fff; --n-td-color-modal: #fff; --n-td-color-popover: #fff; --n-td-text-color: rgb(51, 54, 57); --n-border-color: rgba(239, 239, 245, 1); --n-border-color-modal: rgba(239, 239, 245, 1); --n-border-color-popover: rgba(239, 239, 245, 1); --n-border-radius: 3px; --n-font-size: 14px; --n-th-color: rgba(250, 250, 252, 1); --n-th-color-modal: rgba(250, 250, 252, 1); --n-th-color-popover: rgba(250, 250, 252, 1); --n-th-font-weight: 500; --n-th-text-color: rgb(31, 34, 37); --n-line-height: 1.6; --n-td-padding: 12px; --n-th-padding: 12px; --n-td-color-striped: rgba(250, 250, 252, 1); --n-td-color-striped-modal: rgba(250, 250, 252, 1); --n-td-color-striped-popover: rgba(250, 250, 252, 1);"`;

exports[`n-table > should work with \`size\` prop 3`] = `"--n-bezier: cubic-bezier(.4, 0, .2, 1); --n-td-color: #fff; --n-td-color-modal: #fff; --n-td-color-popover: #fff; --n-td-text-color: rgb(51, 54, 57); --n-border-color: rgba(239, 239, 245, 1); --n-border-color-modal: rgba(239, 239, 245, 1); --n-border-color-popover: rgba(239, 239, 245, 1); --n-border-radius: 3px; --n-font-size: 15px; --n-th-color: rgba(250, 250, 252, 1); --n-th-color-modal: rgba(250, 250, 252, 1); --n-th-color-popover: rgba(250, 250, 252, 1); --n-th-font-weight: 500; --n-th-text-color: rgb(31, 34, 37); --n-line-height: 1.6; --n-td-padding: 12px; --n-th-padding: 12px; --n-td-color-striped: rgba(250, 250, 252, 1); --n-td-color-striped-modal: rgba(250, 250, 252, 1); --n-td-color-striped-popover: rgba(250, 250, 252, 1);"`;
