// Vitest Snapshot v1

exports[`n-checkbox > should show correct style with \`NForm\` component 1`] = `"--n-label-line-height: 1.6; --n-size: 16px; --n-bezier: cubic-bezier(.4, 0, .2, 1); --n-border-radius: 2px; --n-border: 1px solid rgb(224, 224, 230); --n-border-checked: 1px solid #18a058; --n-border-focus: 1px solid #18a058; --n-border-disabled: 1px solid rgb(224, 224, 230); --n-border-disabled-checked: 1px solid rgb(224, 224, 230); --n-box-shadow-focus: 0 0 0 2px rgba(24, 160, 88, 0.3); --n-color: #FFF; --n-color-checked: #18a058; --n-color-table: #fff; --n-color-table-modal: #fff; --n-color-table-popover: #fff; --n-color-disabled: rgb(250, 250, 252); --n-color-disabled-checked: rgb(250, 250, 252); --n-text-color: rgb(51, 54, 57); --n-text-color-disabled: rgba(194, 194, 194, 1); --n-check-mark-color: #FFF; --n-check-mark-color-disabled: rgba(194, 194, 194, 1); --n-check-mark-color-disabled-checked: rgba(194, 194, 194, 1); --n-font-size: 14px; --n-label-padding: 0 8px;"`;

exports[`n-checkbox > should work with \`size\` prop 1`] = `"--n-label-line-height: 1.6; --n-size: 14px; --n-bezier: cubic-bezier(.4, 0, .2, 1); --n-border-radius: 2px; --n-border: 1px solid rgb(224, 224, 230); --n-border-checked: 1px solid #18a058; --n-border-focus: 1px solid #18a058; --n-border-disabled: 1px solid rgb(224, 224, 230); --n-border-disabled-checked: 1px solid rgb(224, 224, 230); --n-box-shadow-focus: 0 0 0 2px rgba(24, 160, 88, 0.3); --n-color: #FFF; --n-color-checked: #18a058; --n-color-table: #fff; --n-color-table-modal: #fff; --n-color-table-popover: #fff; --n-color-disabled: rgb(250, 250, 252); --n-color-disabled-checked: rgb(250, 250, 252); --n-text-color: rgb(51, 54, 57); --n-text-color-disabled: rgba(194, 194, 194, 1); --n-check-mark-color: #FFF; --n-check-mark-color-disabled: rgba(194, 194, 194, 1); --n-check-mark-color-disabled-checked: rgba(194, 194, 194, 1); --n-font-size: 14px; --n-label-padding: 0 8px;"`;

exports[`n-checkbox > should work with \`size\` prop 2`] = `"--n-label-line-height: 1.6; --n-size: 16px; --n-bezier: cubic-bezier(.4, 0, .2, 1); --n-border-radius: 2px; --n-border: 1px solid rgb(224, 224, 230); --n-border-checked: 1px solid #18a058; --n-border-focus: 1px solid #18a058; --n-border-disabled: 1px solid rgb(224, 224, 230); --n-border-disabled-checked: 1px solid rgb(224, 224, 230); --n-box-shadow-focus: 0 0 0 2px rgba(24, 160, 88, 0.3); --n-color: #FFF; --n-color-checked: #18a058; --n-color-table: #fff; --n-color-table-modal: #fff; --n-color-table-popover: #fff; --n-color-disabled: rgb(250, 250, 252); --n-color-disabled-checked: rgb(250, 250, 252); --n-text-color: rgb(51, 54, 57); --n-text-color-disabled: rgba(194, 194, 194, 1); --n-check-mark-color: #FFF; --n-check-mark-color-disabled: rgba(194, 194, 194, 1); --n-check-mark-color-disabled-checked: rgba(194, 194, 194, 1); --n-font-size: 14px; --n-label-padding: 0 8px;"`;

exports[`n-checkbox > should work with \`size\` prop 3`] = `"--n-label-line-height: 1.6; --n-size: 18px; --n-bezier: cubic-bezier(.4, 0, .2, 1); --n-border-radius: 2px; --n-border: 1px solid rgb(224, 224, 230); --n-border-checked: 1px solid #18a058; --n-border-focus: 1px solid #18a058; --n-border-disabled: 1px solid rgb(224, 224, 230); --n-border-disabled-checked: 1px solid rgb(224, 224, 230); --n-box-shadow-focus: 0 0 0 2px rgba(24, 160, 88, 0.3); --n-color: #FFF; --n-color-checked: #18a058; --n-color-table: #fff; --n-color-table-modal: #fff; --n-color-table-popover: #fff; --n-color-disabled: rgb(250, 250, 252); --n-color-disabled-checked: rgb(250, 250, 252); --n-text-color: rgb(51, 54, 57); --n-text-color-disabled: rgba(194, 194, 194, 1); --n-check-mark-color: #FFF; --n-check-mark-color-disabled: rgba(194, 194, 194, 1); --n-check-mark-color-disabled-checked: rgba(194, 194, 194, 1); --n-font-size: 15px; --n-label-padding: 0 8px;"`;
