// Vitest Snapshot v1, https://vitest.dev/guide/snapshot.html

exports[`n-transfer > should work with \`size\` prop 1`] = `"--n-bezier: cubic-bezier(.4, 0, .2, 1); --n-border-color: rgb(224, 224, 230); --n-border-radius: 3px; --n-extra-font-size: 12px; --n-font-size: 14px; --n-header-font-size: 14px; --n-header-extra-text-color: rgb(118, 124, 130); --n-header-extra-text-color-disabled: rgba(194, 194, 194, 1); --n-header-font-weight: 400; --n-header-text-color: rgb(31, 34, 37); --n-header-text-color-disabled: rgba(194, 194, 194, 1); --n-item-color-pending: rgb(243, 243, 245); --n-item-height: 34px; --n-item-text-color: rgb(51, 54, 57); --n-item-text-color-disabled: rgba(194, 194, 194, 1); --n-list-color: #fff; --n-header-height: 44px; --n-close-size: 20px; --n-close-icon-size: 16px; --n-close-color-hover: rgba(0, 0, 0, .09); --n-close-color-pressed: rgba(0, 0, 0, .13); --n-close-icon-color: rgba(102, 102, 102, 1); --n-close-icon-color-hover: rgba(102, 102, 102, 1); --n-close-icon-color-pressed: rgba(102, 102, 102, 1); --n-divider-color: rgb(224, 224, 230);"`;

exports[`n-transfer > should work with \`size\` prop 2`] = `"--n-bezier: cubic-bezier(.4, 0, .2, 1); --n-border-color: rgb(224, 224, 230); --n-border-radius: 3px; --n-extra-font-size: 12px; --n-font-size: 14px; --n-header-font-size: 16px; --n-header-extra-text-color: rgb(118, 124, 130); --n-header-extra-text-color-disabled: rgba(194, 194, 194, 1); --n-header-font-weight: 400; --n-header-text-color: rgb(31, 34, 37); --n-header-text-color-disabled: rgba(194, 194, 194, 1); --n-item-color-pending: rgb(243, 243, 245); --n-item-height: 34px; --n-item-text-color: rgb(51, 54, 57); --n-item-text-color-disabled: rgba(194, 194, 194, 1); --n-list-color: #fff; --n-header-height: 44px; --n-close-size: 20px; --n-close-icon-size: 16px; --n-close-color-hover: rgba(0, 0, 0, .09); --n-close-color-pressed: rgba(0, 0, 0, .13); --n-close-icon-color: rgba(102, 102, 102, 1); --n-close-icon-color-hover: rgba(102, 102, 102, 1); --n-close-icon-color-pressed: rgba(102, 102, 102, 1); --n-divider-color: rgb(224, 224, 230);"`;

exports[`n-transfer > should work with \`size\` prop 3`] = `"--n-bezier: cubic-bezier(.4, 0, .2, 1); --n-border-color: rgb(224, 224, 230); --n-border-radius: 3px; --n-extra-font-size: 14px; --n-font-size: 15px; --n-header-font-size: 16px; --n-header-extra-text-color: rgb(118, 124, 130); --n-header-extra-text-color-disabled: rgba(194, 194, 194, 1); --n-header-font-weight: 400; --n-header-text-color: rgb(31, 34, 37); --n-header-text-color-disabled: rgba(194, 194, 194, 1); --n-item-color-pending: rgb(243, 243, 245); --n-item-height: 40px; --n-item-text-color: rgb(51, 54, 57); --n-item-text-color-disabled: rgba(194, 194, 194, 1); --n-list-color: #fff; --n-header-height: 50px; --n-close-size: 20px; --n-close-icon-size: 16px; --n-close-color-hover: rgba(0, 0, 0, .09); --n-close-color-pressed: rgba(0, 0, 0, .13); --n-close-icon-color: rgba(102, 102, 102, 1); --n-close-icon-color-hover: rgba(102, 102, 102, 1); --n-close-icon-color-pressed: rgba(102, 102, 102, 1); --n-divider-color: rgb(224, 224, 230);"`;
