// Jest Snapshot v1, https://goo.gl/fbAQLP

exports[`n-avatar avatar adjust text 1`] = `
"<span class="n-avatar" style="--n-font-size: 14px; --n-border: none; --n-border-radius: 3px; --n-color: rgba(204, 204, 204, 1); --n-color-modal: rgba(204, 204, 204, 1); --n-color-popover: rgba(204, 204, 204, 1); --n-bezier: cubic-bezier(.4, 0, .2, 1); --n-merged-size: var(--n-avatar-size-override, 34px);"><span class="n-avatar__text">adjust text</span>
<!----></span>"
`;

exports[`n-avatar bordered avatar 1`] = `"<span class="n-avatar" style="--n-font-size: 14px; --n-border: 2px solid #fff; --n-border-radius: 3px; --n-color: rgba(204, 204, 204, 1); --n-color-modal: rgba(204, 204, 204, 1); --n-color-popover: rgba(204, 204, 204, 1); --n-bezier: cubic-bezier(.4, 0, .2, 1); --n-merged-size: var(--n-avatar-size-override, 34px);"><!----><!----></span>"`;

exports[`n-avatar custom style 1`] = `"<span class="n-avatar" style="--n-font-size: 14px; --n-border: none; --n-border-radius: 3px; --n-color: rgba(204, 204, 204, 1); --n-color-modal: rgba(204, 204, 204, 1); --n-color-popover: rgba(204, 204, 204, 1); --n-bezier: cubic-bezier(.4, 0, .2, 1); --n-merged-size: var(--n-avatar-size-override, 34px); background-color: red;"><!----><!----></span>"`;

exports[`n-avatar icon avatar 1`] = `
"<span class="n-avatar" style="--n-font-size: 14px; --n-border: none; --n-border-radius: 3px; --n-color: rgba(204, 204, 204, 1); --n-color-modal: rgba(204, 204, 204, 1); --n-color-popover: rgba(204, 204, 204, 1); --n-bezier: cubic-bezier(.4, 0, .2, 1); --n-merged-size: var(--n-avatar-size-override, 34px);"><span class="n-avatar__text"><i role="img" class="n-icon" style="--n-bezier: cubic-bezier(.4, 0, .2, 1);"><svg xmlns="http://www.w3.org/2000/svg" xmlns:xlink="http://www.w3.org/1999/xlink" viewBox="0 0 512 512"><rect x="32" y="80" width="448" height="256" rx="16" ry="16" transform="rotate(180 256 208)" fill="none" stroke="currentColor" stroke-linejoin="round" stroke-width="32"></rect><path fill="none" stroke="currentColor" stroke-linecap="round" stroke-linejoin="round" stroke-width="32" d="M64 384h384"></path><path fill="none" stroke="currentColor" stroke-linecap="round" stroke-linejoin="round" stroke-width="32" d="M96 432h320"></path><circle cx="256" cy="208" r="80" fill="none" stroke="currentColor" stroke-linecap="round" stroke-linejoin="round" stroke-width="32"></circle><path d="M480 160a80 80 0 0 1-80-80" fill="none" stroke="currentColor" stroke-linecap="round" stroke-linejoin="round" stroke-width="32"></path><path d="M32 160a80 80 0 0 0 80-80" fill="none" stroke="currentColor" stroke-linecap="round" stroke-linejoin="round" stroke-width="32"></path><path d="M480 256a80 80 0 0 0-80 80" fill="none" stroke="currentColor" stroke-linecap="round" stroke-linejoin="round" stroke-width="32"></path><path d="M32 256a80 80 0 0 1 80 80" fill="none" stroke="currentColor" stroke-linecap="round" stroke-linejoin="round" stroke-width="32"></path></svg></i></span>
<!----></span>"
`;

exports[`n-avatar image avatar 1`] = `"<span class="n-avatar" style="--n-font-size: 14px; --n-border: none; --n-border-radius: 3px; --n-color: rgba(204, 204, 204, 1); --n-color-modal: rgba(204, 204, 204, 1); --n-color-popover: rgba(204, 204, 204, 1); --n-bezier: cubic-bezier(.4, 0, .2, 1); --n-merged-size: var(--n-avatar-size-override, 34px);"><img loading="eager" src="https://07akioni.oss-cn-beijing.aliyuncs.com/07akioni.jpeg" data-image-src="https://07akioni.oss-cn-beijing.aliyuncs.com/07akioni.jpeg"><!----></span>"`;

exports[`n-avatar round avatar 1`] = `"<span class="n-avatar" style="--n-font-size: 14px; --n-border: none; --n-border-radius: 50%; --n-color: rgba(204, 204, 204, 1); --n-color-modal: rgba(204, 204, 204, 1); --n-color-popover: rgba(204, 204, 204, 1); --n-bezier: cubic-bezier(.4, 0, .2, 1); --n-merged-size: var(--n-avatar-size-override, 34px);"><!----><!----></span>"`;

exports[`n-avatar size is number 1`] = `"<span class="n-avatar" style="--n-font-size: 14px; --n-border: none; --n-border-radius: 3px; --n-color: rgba(204, 204, 204, 1); --n-color-modal: rgba(204, 204, 204, 1); --n-color-popover: rgba(204, 204, 204, 1); --n-bezier: cubic-bezier(.4, 0, .2, 1); --n-merged-size: var(--n-avatar-size-override, 50px);"><!----><!----></span>"`;

exports[`n-avatar size is string 1`] = `"<span class="n-avatar" style="--n-font-size: 14px; --n-border: none; --n-border-radius: 3px; --n-color: rgba(204, 204, 204, 1); --n-color-modal: rgba(204, 204, 204, 1); --n-color-popover: rgba(204, 204, 204, 1); --n-bezier: cubic-bezier(.4, 0, .2, 1); --n-merged-size: var(--n-avatar-size-override, 34px);"><!----><!----></span>"`;
