// Vitest Snapshot v1

exports[`n-dynamic-tags > should work with \`size\` prop 1`] = `"--n-font-weight-strong: 500; --n-avatar-size-override: calc(22px - 8px); --n-bezier: cubic-bezier(.4, 0, .2, 1); --n-border-radius: 2px; --n-border: 1px solid rgb(224, 224, 230); --n-close-icon-size: 12px; --n-close-color-pressed: rgba(0, 0, 0, .13); --n-close-color-hover: rgba(0, 0, 0, .09); --n-close-border-radius: 2px; --n-close-icon-color: rgba(102, 102, 102, 1); --n-close-icon-color-hover: rgba(102, 102, 102, 1); --n-close-icon-color-pressed: rgba(102, 102, 102, 1); --n-close-icon-color-disabled: rgba(102, 102, 102, 1); --n-close-margin: 0 0 0 4px; --n-close-margin-rtl: 0 4px 0 0; --n-close-size: 16px; --n-color: rgb(250, 250, 252); --n-color-checkable: #0000; --n-color-checked: #18a058; --n-color-checked-hover: #36ad6a; --n-color-checked-pressed: #0c7a43; --n-color-hover-checkable: rgba(46, 51, 56, .09); --n-color-pressed-checkable: rgba(46, 51, 56, .13); --n-font-size: 12px; --n-height: 22px; --n-opacity-disabled: 0.5; --n-padding: 0 7px; --n-text-color: rgb(51, 54, 57); --n-text-color-checkable: rgb(51, 54, 57); --n-text-color-checked: #FFF; --n-text-color-hover-checkable: rgb(51, 54, 57); --n-text-color-pressed-checkable: rgb(51, 54, 57);"`;

exports[`n-dynamic-tags > should work with \`size\` prop 2`] = `"--n-font-weight-strong: 500; --n-avatar-size-override: calc(28px - 8px); --n-bezier: cubic-bezier(.4, 0, .2, 1); --n-border-radius: 2px; --n-border: 1px solid rgb(224, 224, 230); --n-close-icon-size: 14px; --n-close-color-pressed: rgba(0, 0, 0, .13); --n-close-color-hover: rgba(0, 0, 0, .09); --n-close-border-radius: 2px; --n-close-icon-color: rgba(102, 102, 102, 1); --n-close-icon-color-hover: rgba(102, 102, 102, 1); --n-close-icon-color-pressed: rgba(102, 102, 102, 1); --n-close-icon-color-disabled: rgba(102, 102, 102, 1); --n-close-margin: 0 0 0 4px; --n-close-margin-rtl: 0 4px 0 0; --n-close-size: 18px; --n-color: rgb(250, 250, 252); --n-color-checkable: #0000; --n-color-checked: #18a058; --n-color-checked-hover: #36ad6a; --n-color-checked-pressed: #0c7a43; --n-color-hover-checkable: rgba(46, 51, 56, .09); --n-color-pressed-checkable: rgba(46, 51, 56, .13); --n-font-size: 14px; --n-height: 28px; --n-opacity-disabled: 0.5; --n-padding: 0 7px; --n-text-color: rgb(51, 54, 57); --n-text-color-checkable: rgb(51, 54, 57); --n-text-color-checked: #FFF; --n-text-color-hover-checkable: rgb(51, 54, 57); --n-text-color-pressed-checkable: rgb(51, 54, 57);"`;

exports[`n-dynamic-tags > should work with \`size\` prop 3`] = `"--n-font-weight-strong: 500; --n-avatar-size-override: calc(34px - 8px); --n-bezier: cubic-bezier(.4, 0, .2, 1); --n-border-radius: 2px; --n-border: 1px solid rgb(224, 224, 230); --n-close-icon-size: 14px; --n-close-color-pressed: rgba(0, 0, 0, .13); --n-close-color-hover: rgba(0, 0, 0, .09); --n-close-border-radius: 2px; --n-close-icon-color: rgba(102, 102, 102, 1); --n-close-icon-color-hover: rgba(102, 102, 102, 1); --n-close-icon-color-pressed: rgba(102, 102, 102, 1); --n-close-icon-color-disabled: rgba(102, 102, 102, 1); --n-close-margin: 0 0 0 4px; --n-close-margin-rtl: 0 4px 0 0; --n-close-size: 18px; --n-color: rgb(250, 250, 252); --n-color-checkable: #0000; --n-color-checked: #18a058; --n-color-checked-hover: #36ad6a; --n-color-checked-pressed: #0c7a43; --n-color-hover-checkable: rgba(46, 51, 56, .09); --n-color-pressed-checkable: rgba(46, 51, 56, .13); --n-font-size: 14px; --n-height: 34px; --n-opacity-disabled: 0.5; --n-padding: 0 7px; --n-text-color: rgb(51, 54, 57); --n-text-color-checkable: rgb(51, 54, 57); --n-text-color-checked: #FFF; --n-text-color-hover-checkable: rgb(51, 54, 57); --n-text-color-pressed-checkable: rgb(51, 54, 57);"`;

exports[`n-dynamic-tags > should work with \`type\` prop 1`] = `"--n-font-weight-strong: 500; --n-avatar-size-override: calc(22px - 8px); --n-bezier: cubic-bezier(.4, 0, .2, 1); --n-border-radius: 2px; --n-border: 1px solid rgb(224, 224, 230); --n-close-icon-size: 12px; --n-close-color-pressed: rgba(0, 0, 0, .13); --n-close-color-hover: rgba(0, 0, 0, .09); --n-close-border-radius: 2px; --n-close-icon-color: rgba(102, 102, 102, 1); --n-close-icon-color-hover: rgba(102, 102, 102, 1); --n-close-icon-color-pressed: rgba(102, 102, 102, 1); --n-close-icon-color-disabled: rgba(102, 102, 102, 1); --n-close-margin: 0 0 0 4px; --n-close-margin-rtl: 0 4px 0 0; --n-close-size: 16px; --n-color: rgb(250, 250, 252); --n-color-checkable: #0000; --n-color-checked: #18a058; --n-color-checked-hover: #36ad6a; --n-color-checked-pressed: #0c7a43; --n-color-hover-checkable: rgba(46, 51, 56, .09); --n-color-pressed-checkable: rgba(46, 51, 56, .13); --n-font-size: 12px; --n-height: 22px; --n-opacity-disabled: 0.5; --n-padding: 0 7px; --n-text-color: rgb(51, 54, 57); --n-text-color-checkable: rgb(51, 54, 57); --n-text-color-checked: #FFF; --n-text-color-hover-checkable: rgb(51, 54, 57); --n-text-color-pressed-checkable: rgb(51, 54, 57);"`;

exports[`n-dynamic-tags > should work with \`type\` prop 2`] = `"--n-font-weight-strong: 500; --n-avatar-size-override: calc(22px - 8px); --n-bezier: cubic-bezier(.4, 0, .2, 1); --n-border-radius: 2px; --n-border: 1px solid rgba(32, 128, 240, 0.3); --n-close-icon-size: 12px; --n-close-color-pressed: rgba(32, 128, 240, 0.18); --n-close-color-hover: rgba(32, 128, 240, 0.12); --n-close-border-radius: 2px; --n-close-icon-color: #2080f0; --n-close-icon-color-hover: #2080f0; --n-close-icon-color-pressed: #2080f0; --n-close-icon-color-disabled: #2080f0; --n-close-margin: 0 0 0 4px; --n-close-margin-rtl: 0 4px 0 0; --n-close-size: 16px; --n-color: rgba(32, 128, 240, 0.1); --n-color-checkable: #0000; --n-color-checked: #18a058; --n-color-checked-hover: #36ad6a; --n-color-checked-pressed: #0c7a43; --n-color-hover-checkable: rgba(46, 51, 56, .09); --n-color-pressed-checkable: rgba(46, 51, 56, .13); --n-font-size: 12px; --n-height: 22px; --n-opacity-disabled: 0.5; --n-padding: 0 7px; --n-text-color: #2080f0; --n-text-color-checkable: rgb(51, 54, 57); --n-text-color-checked: #FFF; --n-text-color-hover-checkable: rgb(51, 54, 57); --n-text-color-pressed-checkable: rgb(51, 54, 57);"`;

exports[`n-dynamic-tags > should work with \`type\` prop 3`] = `"--n-font-weight-strong: 500; --n-avatar-size-override: calc(22px - 8px); --n-bezier: cubic-bezier(.4, 0, .2, 1); --n-border-radius: 2px; --n-border: 1px solid rgba(24, 160, 88, 0.3); --n-close-icon-size: 12px; --n-close-color-pressed: rgba(24, 160, 88, 0.18); --n-close-color-hover: rgba(24, 160, 88, 0.12); --n-close-border-radius: 2px; --n-close-icon-color: #18a058; --n-close-icon-color-hover: #18a058; --n-close-icon-color-pressed: #18a058; --n-close-icon-color-disabled: #18a058; --n-close-margin: 0 0 0 4px; --n-close-margin-rtl: 0 4px 0 0; --n-close-size: 16px; --n-color: rgba(24, 160, 88, 0.1); --n-color-checkable: #0000; --n-color-checked: #18a058; --n-color-checked-hover: #36ad6a; --n-color-checked-pressed: #0c7a43; --n-color-hover-checkable: rgba(46, 51, 56, .09); --n-color-pressed-checkable: rgba(46, 51, 56, .13); --n-font-size: 12px; --n-height: 22px; --n-opacity-disabled: 0.5; --n-padding: 0 7px; --n-text-color: #18a058; --n-text-color-checkable: rgb(51, 54, 57); --n-text-color-checked: #FFF; --n-text-color-hover-checkable: rgb(51, 54, 57); --n-text-color-pressed-checkable: rgb(51, 54, 57);"`;

exports[`n-dynamic-tags > should work with \`type\` prop 4`] = `"--n-font-weight-strong: 500; --n-avatar-size-override: calc(22px - 8px); --n-bezier: cubic-bezier(.4, 0, .2, 1); --n-border-radius: 2px; --n-border: 1px solid rgba(240, 160, 32, 0.35); --n-close-icon-size: 12px; --n-close-color-pressed: rgba(240, 160, 32, 0.18); --n-close-color-hover: rgba(240, 160, 32, 0.12); --n-close-border-radius: 2px; --n-close-icon-color: #f0a020; --n-close-icon-color-hover: #f0a020; --n-close-icon-color-pressed: #f0a020; --n-close-icon-color-disabled: #f0a020; --n-close-margin: 0 0 0 4px; --n-close-margin-rtl: 0 4px 0 0; --n-close-size: 16px; --n-color: rgba(240, 160, 32, 0.12); --n-color-checkable: #0000; --n-color-checked: #18a058; --n-color-checked-hover: #36ad6a; --n-color-checked-pressed: #0c7a43; --n-color-hover-checkable: rgba(46, 51, 56, .09); --n-color-pressed-checkable: rgba(46, 51, 56, .13); --n-font-size: 12px; --n-height: 22px; --n-opacity-disabled: 0.5; --n-padding: 0 7px; --n-text-color: #f0a020; --n-text-color-checkable: rgb(51, 54, 57); --n-text-color-checked: #FFF; --n-text-color-hover-checkable: rgb(51, 54, 57); --n-text-color-pressed-checkable: rgb(51, 54, 57);"`;

exports[`n-dynamic-tags > should work with \`type\` prop 5`] = `"--n-font-weight-strong: 500; --n-avatar-size-override: calc(22px - 8px); --n-bezier: cubic-bezier(.4, 0, .2, 1); --n-border-radius: 2px; --n-border: 1px solid rgba(208, 48, 80, 0.23); --n-close-icon-size: 12px; --n-close-color-pressed: rgba(208, 48, 80, 0.18); --n-close-color-hover: rgba(208, 48, 80, 0.12); --n-close-border-radius: 2px; --n-close-icon-color: #d03050; --n-close-icon-color-hover: #d03050; --n-close-icon-color-pressed: #d03050; --n-close-icon-color-disabled: #d03050; --n-close-margin: 0 0 0 4px; --n-close-margin-rtl: 0 4px 0 0; --n-close-size: 16px; --n-color: rgba(208, 48, 80, 0.08); --n-color-checkable: #0000; --n-color-checked: #18a058; --n-color-checked-hover: #36ad6a; --n-color-checked-pressed: #0c7a43; --n-color-hover-checkable: rgba(46, 51, 56, .09); --n-color-pressed-checkable: rgba(46, 51, 56, .13); --n-font-size: 12px; --n-height: 22px; --n-opacity-disabled: 0.5; --n-padding: 0 7px; --n-text-color: #d03050; --n-text-color-checkable: rgb(51, 54, 57); --n-text-color-checked: #FFF; --n-text-color-hover-checkable: rgb(51, 54, 57); --n-text-color-pressed-checkable: rgb(51, 54, 57);"`;
