// Vitest Snapshot v1

exports[`n-alert > should work with type prop 1`] = `"--n-bezier: cubic-bezier(.4, 0, .2, 1); --n-color: rgba(237, 245, 254, 1); --n-close-icon-size: 16px; --n-close-border-radius: 3px; --n-close-color-hover: rgba(0, 0, 0, .09); --n-close-color-pressed: rgba(0, 0, 0, .13); --n-close-icon-color: rgba(102, 102, 102, 1); --n-close-icon-color-hover: rgba(102, 102, 102, 1); --n-close-icon-color-pressed: rgba(102, 102, 102, 1); --n-icon-color: #2080f0; --n-border: 1px solid rgba(199, 223, 251, 1); --n-title-text-color: rgb(31, 34, 37); --n-content-text-color: rgb(51, 54, 57); --n-line-height: 1.6; --n-border-radius: 3px; --n-font-size: 14px; --n-title-font-weight: 500; --n-icon-size: 24px; --n-icon-margin: 11px 8px 0 12px; --n-icon-margin-rtl: 11px 12px 0 8px; --n-close-size: 20px; --n-close-margin: 13px 14px 0 0; --n-close-margin-rtl: 13px 0 0 14px; --n-padding: 13px; --n-icon-margin-left: 12px; --n-icon-margin-right: 8px;"`;

exports[`n-alert > should work with type prop 2`] = `"--n-bezier: cubic-bezier(.4, 0, .2, 1); --n-color: rgba(237, 247, 242, 1); --n-close-icon-size: 16px; --n-close-border-radius: 3px; --n-close-color-hover: rgba(0, 0, 0, .09); --n-close-color-pressed: rgba(0, 0, 0, .13); --n-close-icon-color: rgba(102, 102, 102, 1); --n-close-icon-color-hover: rgba(102, 102, 102, 1); --n-close-icon-color-pressed: rgba(102, 102, 102, 1); --n-icon-color: #18a058; --n-border: 1px solid rgba(197, 231, 213, 1); --n-title-text-color: rgb(31, 34, 37); --n-content-text-color: rgb(51, 54, 57); --n-line-height: 1.6; --n-border-radius: 3px; --n-font-size: 14px; --n-title-font-weight: 500; --n-icon-size: 24px; --n-icon-margin: 11px 8px 0 12px; --n-icon-margin-rtl: 11px 12px 0 8px; --n-close-size: 20px; --n-close-margin: 13px 14px 0 0; --n-close-margin-rtl: 13px 0 0 14px; --n-padding: 13px; --n-icon-margin-left: 12px; --n-icon-margin-right: 8px;"`;

exports[`n-alert > should work with type prop 3`] = `"--n-bezier: cubic-bezier(.4, 0, .2, 1); --n-color: rgba(254, 247, 237, 1); --n-close-icon-size: 16px; --n-close-border-radius: 3px; --n-close-color-hover: rgba(0, 0, 0, .09); --n-close-color-pressed: rgba(0, 0, 0, .13); --n-close-icon-color: rgba(102, 102, 102, 1); --n-close-icon-color-hover: rgba(102, 102, 102, 1); --n-close-icon-color-pressed: rgba(102, 102, 102, 1); --n-icon-color: #f0a020; --n-border: 1px solid rgba(250, 224, 181, 1); --n-title-text-color: rgb(31, 34, 37); --n-content-text-color: rgb(51, 54, 57); --n-line-height: 1.6; --n-border-radius: 3px; --n-font-size: 14px; --n-title-font-weight: 500; --n-icon-size: 24px; --n-icon-margin: 11px 8px 0 12px; --n-icon-margin-rtl: 11px 12px 0 8px; --n-close-size: 20px; --n-close-margin: 13px 14px 0 0; --n-close-margin-rtl: 13px 0 0 14px; --n-padding: 13px; --n-icon-margin-left: 12px; --n-icon-margin-right: 8px;"`;

exports[`n-alert > should work with type prop 4`] = `"--n-bezier: cubic-bezier(.4, 0, .2, 1); --n-color: rgba(251, 238, 241, 1); --n-close-icon-size: 16px; --n-close-border-radius: 3px; --n-close-color-hover: rgba(0, 0, 0, .09); --n-close-color-pressed: rgba(0, 0, 0, .13); --n-close-icon-color: rgba(102, 102, 102, 1); --n-close-icon-color-hover: rgba(102, 102, 102, 1); --n-close-icon-color-pressed: rgba(102, 102, 102, 1); --n-icon-color: #d03050; --n-border: 1px solid rgba(243, 203, 211, 1); --n-title-text-color: rgb(31, 34, 37); --n-content-text-color: rgb(51, 54, 57); --n-line-height: 1.6; --n-border-radius: 3px; --n-font-size: 14px; --n-title-font-weight: 500; --n-icon-size: 24px; --n-icon-margin: 11px 8px 0 12px; --n-icon-margin-rtl: 11px 12px 0 8px; --n-close-size: 20px; --n-close-margin: 13px 14px 0 0; --n-close-margin-rtl: 13px 0 0 14px; --n-padding: 13px; --n-icon-margin-left: 12px; --n-icon-margin-right: 8px;"`;

exports[`n-alert should work with type prop 1`] = `"--n-bezier: cubic-bezier(.4, 0, .2, 1); --n-color: rgba(237, 245, 254, 1); --n-close-icon-size: 16px; --n-close-border-radius: 3px; --n-close-color-hover: rgba(0, 0, 0, .09); --n-close-color-pressed: rgba(0, 0, 0, .13); --n-close-icon-color: rgba(102, 102, 102, 1); --n-close-icon-color-hover: rgba(102, 102, 102, 1); --n-close-icon-color-pressed: rgba(102, 102, 102, 1); --n-icon-color: #2080f0; --n-border: 1px solid rgba(199, 223, 251, 1); --n-title-text-color: rgb(31, 34, 37); --n-content-text-color: rgb(51, 54, 57); --n-line-height: 1.6; --n-border-radius: 3px; --n-font-size: 14px; --n-title-font-weight: 500; --n-icon-size: 24px; --n-icon-margin: 11px 8px 0 12px; --n-icon-margin-rtl: 11px 12px 0 8px; --n-close-size: 20px; --n-close-margin: 13px 14px 0 0; --n-close-margin-rtl: 13px 0 0 14px; --n-padding: 13px; --n-icon-margin-left: 12px; --n-icon-margin-right: 8px;"`;

exports[`n-alert should work with type prop 2`] = `"--n-bezier: cubic-bezier(.4, 0, .2, 1); --n-color: rgba(237, 247, 242, 1); --n-close-icon-size: 16px; --n-close-border-radius: 3px; --n-close-color-hover: rgba(0, 0, 0, .09); --n-close-color-pressed: rgba(0, 0, 0, .13); --n-close-icon-color: rgba(102, 102, 102, 1); --n-close-icon-color-hover: rgba(102, 102, 102, 1); --n-close-icon-color-pressed: rgba(102, 102, 102, 1); --n-icon-color: #18a058; --n-border: 1px solid rgba(197, 231, 213, 1); --n-title-text-color: rgb(31, 34, 37); --n-content-text-color: rgb(51, 54, 57); --n-line-height: 1.6; --n-border-radius: 3px; --n-font-size: 14px; --n-title-font-weight: 500; --n-icon-size: 24px; --n-icon-margin: 11px 8px 0 12px; --n-icon-margin-rtl: 11px 12px 0 8px; --n-close-size: 20px; --n-close-margin: 13px 14px 0 0; --n-close-margin-rtl: 13px 0 0 14px; --n-padding: 13px; --n-icon-margin-left: 12px; --n-icon-margin-right: 8px;"`;

exports[`n-alert should work with type prop 3`] = `"--n-bezier: cubic-bezier(.4, 0, .2, 1); --n-color: rgba(254, 247, 237, 1); --n-close-icon-size: 16px; --n-close-border-radius: 3px; --n-close-color-hover: rgba(0, 0, 0, .09); --n-close-color-pressed: rgba(0, 0, 0, .13); --n-close-icon-color: rgba(102, 102, 102, 1); --n-close-icon-color-hover: rgba(102, 102, 102, 1); --n-close-icon-color-pressed: rgba(102, 102, 102, 1); --n-icon-color: #f0a020; --n-border: 1px solid rgba(250, 224, 181, 1); --n-title-text-color: rgb(31, 34, 37); --n-content-text-color: rgb(51, 54, 57); --n-line-height: 1.6; --n-border-radius: 3px; --n-font-size: 14px; --n-title-font-weight: 500; --n-icon-size: 24px; --n-icon-margin: 11px 8px 0 12px; --n-icon-margin-rtl: 11px 12px 0 8px; --n-close-size: 20px; --n-close-margin: 13px 14px 0 0; --n-close-margin-rtl: 13px 0 0 14px; --n-padding: 13px; --n-icon-margin-left: 12px; --n-icon-margin-right: 8px;"`;

exports[`n-alert should work with type prop 4`] = `"--n-bezier: cubic-bezier(.4, 0, .2, 1); --n-color: rgba(251, 238, 241, 1); --n-close-icon-size: 16px; --n-close-border-radius: 3px; --n-close-color-hover: rgba(0, 0, 0, .09); --n-close-color-pressed: rgba(0, 0, 0, .13); --n-close-icon-color: rgba(102, 102, 102, 1); --n-close-icon-color-hover: rgba(102, 102, 102, 1); --n-close-icon-color-pressed: rgba(102, 102, 102, 1); --n-icon-color: #d03050; --n-border: 1px solid rgba(243, 203, 211, 1); --n-title-text-color: rgb(31, 34, 37); --n-content-text-color: rgb(51, 54, 57); --n-line-height: 1.6; --n-border-radius: 3px; --n-font-size: 14px; --n-title-font-weight: 500; --n-icon-size: 24px; --n-icon-margin: 11px 8px 0 12px; --n-icon-margin-rtl: 11px 12px 0 8px; --n-close-size: 20px; --n-close-margin: 13px 14px 0 0; --n-close-margin-rtl: 13px 0 0 14px; --n-padding: 13px; --n-icon-margin-left: 12px; --n-icon-margin-right: 8px;"`;
