// Vitest Snapshot v1

exports[`n-data-table > should work with \`size\` prop 1`] = `"--n-font-size: 14px; --n-th-padding: 8px; --n-td-padding: 8px; --n-bezier: cubic-bezier(.4, 0, .2, 1); --n-border-radius: 3px; --n-line-height: 1.6; --n-border-color: rgba(239, 239, 245, 1); --n-border-color-modal: rgba(239, 239, 245, 1); --n-border-color-popover: rgba(239, 239, 245, 1); --n-th-color: rgba(250, 250, 252, 1); --n-th-color-hover: rgba(243, 243, 247, 1); --n-th-color-modal: rgba(250, 250, 252, 1); --n-th-color-hover-modal: rgba(243, 243, 247, 1); --n-th-color-popover: rgba(250, 250, 252, 1); --n-th-color-hover-popover: rgba(243, 243, 247, 1); --n-td-color: #fff; --n-td-color-hover: rgba(247, 247, 250, 1); --n-td-color-modal: #fff; --n-td-color-hover-modal: rgba(247, 247, 250, 1); --n-td-color-popover: #fff; --n-td-color-hover-popover: rgba(247, 247, 250, 1); --n-th-text-color: rgb(31, 34, 37); --n-td-text-color: rgb(51, 54, 57); --n-th-font-weight: 500; --n-th-button-color-hover: rgba(0, 0, 100, 0.03); --n-th-icon-color: rgba(194, 194, 194, 1); --n-th-icon-color-active: #18a058; --n-filter-size: 15px; --n-pagination-margin: 12px 0 0 0; --n-empty-padding: 48px 0; --n-box-shadow-before: inset -12px 0 8px -12px rgba(0, 0, 0, .18); --n-box-shadow-after: inset 12px 0 8px -12px rgba(0, 0, 0, .18); --n-sorter-size: 15px; --n-loading-size: 28px; --n-loading-color: #18a058; --n-opacity-loading: 0.5; --n-td-color-striped: rgba(250, 250, 252, 1); --n-td-color-striped-modal: rgba(250, 250, 252, 1); --n-td-color-striped-popover: rgba(250, 250, 252, 1);"`;

exports[`n-data-table > should work with \`size\` prop 2`] = `"--n-font-size: 14px; --n-th-padding: 12px; --n-td-padding: 12px; --n-bezier: cubic-bezier(.4, 0, .2, 1); --n-border-radius: 3px; --n-line-height: 1.6; --n-border-color: rgba(239, 239, 245, 1); --n-border-color-modal: rgba(239, 239, 245, 1); --n-border-color-popover: rgba(239, 239, 245, 1); --n-th-color: rgba(250, 250, 252, 1); --n-th-color-hover: rgba(243, 243, 247, 1); --n-th-color-modal: rgba(250, 250, 252, 1); --n-th-color-hover-modal: rgba(243, 243, 247, 1); --n-th-color-popover: rgba(250, 250, 252, 1); --n-th-color-hover-popover: rgba(243, 243, 247, 1); --n-td-color: #fff; --n-td-color-hover: rgba(247, 247, 250, 1); --n-td-color-modal: #fff; --n-td-color-hover-modal: rgba(247, 247, 250, 1); --n-td-color-popover: #fff; --n-td-color-hover-popover: rgba(247, 247, 250, 1); --n-th-text-color: rgb(31, 34, 37); --n-td-text-color: rgb(51, 54, 57); --n-th-font-weight: 500; --n-th-button-color-hover: rgba(0, 0, 100, 0.03); --n-th-icon-color: rgba(194, 194, 194, 1); --n-th-icon-color-active: #18a058; --n-filter-size: 15px; --n-pagination-margin: 12px 0 0 0; --n-empty-padding: 48px 0; --n-box-shadow-before: inset -12px 0 8px -12px rgba(0, 0, 0, .18); --n-box-shadow-after: inset 12px 0 8px -12px rgba(0, 0, 0, .18); --n-sorter-size: 15px; --n-loading-size: 28px; --n-loading-color: #18a058; --n-opacity-loading: 0.5; --n-td-color-striped: rgba(250, 250, 252, 1); --n-td-color-striped-modal: rgba(250, 250, 252, 1); --n-td-color-striped-popover: rgba(250, 250, 252, 1);"`;

exports[`n-data-table > should work with \`size\` prop 3`] = `"--n-font-size: 15px; --n-th-padding: 12px; --n-td-padding: 12px; --n-bezier: cubic-bezier(.4, 0, .2, 1); --n-border-radius: 3px; --n-line-height: 1.6; --n-border-color: rgba(239, 239, 245, 1); --n-border-color-modal: rgba(239, 239, 245, 1); --n-border-color-popover: rgba(239, 239, 245, 1); --n-th-color: rgba(250, 250, 252, 1); --n-th-color-hover: rgba(243, 243, 247, 1); --n-th-color-modal: rgba(250, 250, 252, 1); --n-th-color-hover-modal: rgba(243, 243, 247, 1); --n-th-color-popover: rgba(250, 250, 252, 1); --n-th-color-hover-popover: rgba(243, 243, 247, 1); --n-td-color: #fff; --n-td-color-hover: rgba(247, 247, 250, 1); --n-td-color-modal: #fff; --n-td-color-hover-modal: rgba(247, 247, 250, 1); --n-td-color-popover: #fff; --n-td-color-hover-popover: rgba(247, 247, 250, 1); --n-th-text-color: rgb(31, 34, 37); --n-td-text-color: rgb(51, 54, 57); --n-th-font-weight: 500; --n-th-button-color-hover: rgba(0, 0, 100, 0.03); --n-th-icon-color: rgba(194, 194, 194, 1); --n-th-icon-color-active: #18a058; --n-filter-size: 15px; --n-pagination-margin: 12px 0 0 0; --n-empty-padding: 48px 0; --n-box-shadow-before: inset -12px 0 8px -12px rgba(0, 0, 0, .18); --n-box-shadow-after: inset 12px 0 8px -12px rgba(0, 0, 0, .18); --n-sorter-size: 15px; --n-loading-size: 28px; --n-loading-color: #18a058; --n-opacity-loading: 0.5; --n-td-color-striped: rgba(250, 250, 252, 1); --n-td-color-striped-modal: rgba(250, 250, 252, 1); --n-td-color-striped-popover: rgba(250, 250, 252, 1);"`;
