// Jest Snapshot v1, https://goo.gl/fbAQLP

exports[`n-select should work with \`size\` prop 1`] = `"--n-bezier: cubic-bezier(.4, 0, .2, 1); --n-border: 1px solid rgb(224, 224, 230); --n-border-active: 1px solid #18a058; --n-border-focus: 1px solid #36ad6a; --n-border-hover: 1px solid #36ad6a; --n-border-radius: 3px; --n-box-shadow-active: 0 0 0 2px rgba(24, 160, 88, 0.2); --n-box-shadow-focus: 0 0 0 2px rgba(24, 160, 88, 0.2); --n-box-shadow-hover: none; --n-caret-color: #18a058; --n-color: rgba(255, 255, 255, 1); --n-color-active: rgba(255, 255, 255, 1); --n-color-disabled: rgb(250, 250, 252); --n-font-size: 14px; --n-height: 28px; --n-padding-single-top: 0; --n-padding-multiple-top: 3px; --n-padding-single-right: 26px; --n-padding-multiple-right: 26px; --n-padding-single-left: 12px; --n-padding-multiple-left: 12px; --n-padding-single-bottom: 0; --n-padding-multiple-bottom: 0; --n-placeholder-color: rgba(194, 194, 194, 1); --n-placeholder-color-disabled: rgba(209, 209, 209, 1); --n-text-color: rgb(51, 54, 57); --n-text-color-disabled: rgba(194, 194, 194, 1); --n-arrow-color: rgba(194, 194, 194, 1); --n-arrow-color-disabled: rgba(209, 209, 209, 1); --n-loading-color: #18a058; --n-color-active-warning: rgba(255, 255, 255, 1); --n-box-shadow-focus-warning: 0 0 0 2px rgba(240, 160, 32, 0.2); --n-box-shadow-active-warning: 0 0 0 2px rgba(240, 160, 32, 0.2); --n-box-shadow-hover-warning: none; --n-border-warning: 1px solid #f0a020; --n-border-focus-warning: 1px solid #fcb040; --n-border-hover-warning: 1px solid #fcb040; --n-border-active-warning: 1px solid #f0a020; --n-color-active-error: rgba(255, 255, 255, 1); --n-box-shadow-focus-error: 0 0 0 2px rgba(208, 48, 80, 0.2); --n-box-shadow-active-error: 0 0 0 2px rgba(208, 48, 80, 0.2); --n-box-shadow-hover-error: none; --n-border-error: 1px solid #d03050; --n-border-focus-error: 1px solid #de576d; --n-border-hover-error: 1px solid #de576d; --n-border-active-error: 1px solid #d03050; --n-clear-size: 16px; --n-clear-color: rgba(194, 194, 194, 1); --n-clear-color-hover: rgba(146, 146, 146, 1); --n-clear-color-pressed: rgba(175, 175, 175, 1); --n-arrow-size: 16px;"`;

exports[`n-select should work with \`size\` prop 2`] = `"--n-bezier: cubic-bezier(.4, 0, .2, 1); --n-border: 1px solid rgb(224, 224, 230); --n-border-active: 1px solid #18a058; --n-border-focus: 1px solid #36ad6a; --n-border-hover: 1px solid #36ad6a; --n-border-radius: 3px; --n-box-shadow-active: 0 0 0 2px rgba(24, 160, 88, 0.2); --n-box-shadow-focus: 0 0 0 2px rgba(24, 160, 88, 0.2); --n-box-shadow-hover: none; --n-caret-color: #18a058; --n-color: rgba(255, 255, 255, 1); --n-color-active: rgba(255, 255, 255, 1); --n-color-disabled: rgb(250, 250, 252); --n-font-size: 14px; --n-height: 34px; --n-padding-single-top: 0; --n-padding-multiple-top: 3px; --n-padding-single-right: 26px; --n-padding-multiple-right: 26px; --n-padding-single-left: 12px; --n-padding-multiple-left: 12px; --n-padding-single-bottom: 0; --n-padding-multiple-bottom: 0; --n-placeholder-color: rgba(194, 194, 194, 1); --n-placeholder-color-disabled: rgba(209, 209, 209, 1); --n-text-color: rgb(51, 54, 57); --n-text-color-disabled: rgba(194, 194, 194, 1); --n-arrow-color: rgba(194, 194, 194, 1); --n-arrow-color-disabled: rgba(209, 209, 209, 1); --n-loading-color: #18a058; --n-color-active-warning: rgba(255, 255, 255, 1); --n-box-shadow-focus-warning: 0 0 0 2px rgba(240, 160, 32, 0.2); --n-box-shadow-active-warning: 0 0 0 2px rgba(240, 160, 32, 0.2); --n-box-shadow-hover-warning: none; --n-border-warning: 1px solid #f0a020; --n-border-focus-warning: 1px solid #fcb040; --n-border-hover-warning: 1px solid #fcb040; --n-border-active-warning: 1px solid #f0a020; --n-color-active-error: rgba(255, 255, 255, 1); --n-box-shadow-focus-error: 0 0 0 2px rgba(208, 48, 80, 0.2); --n-box-shadow-active-error: 0 0 0 2px rgba(208, 48, 80, 0.2); --n-box-shadow-hover-error: none; --n-border-error: 1px solid #d03050; --n-border-focus-error: 1px solid #de576d; --n-border-hover-error: 1px solid #de576d; --n-border-active-error: 1px solid #d03050; --n-clear-size: 16px; --n-clear-color: rgba(194, 194, 194, 1); --n-clear-color-hover: rgba(146, 146, 146, 1); --n-clear-color-pressed: rgba(175, 175, 175, 1); --n-arrow-size: 16px;"`;

exports[`n-select should work with \`size\` prop 3`] = `"--n-bezier: cubic-bezier(.4, 0, .2, 1); --n-border: 1px solid rgb(224, 224, 230); --n-border-active: 1px solid #18a058; --n-border-focus: 1px solid #36ad6a; --n-border-hover: 1px solid #36ad6a; --n-border-radius: 3px; --n-box-shadow-active: 0 0 0 2px rgba(24, 160, 88, 0.2); --n-box-shadow-focus: 0 0 0 2px rgba(24, 160, 88, 0.2); --n-box-shadow-hover: none; --n-caret-color: #18a058; --n-color: rgba(255, 255, 255, 1); --n-color-active: rgba(255, 255, 255, 1); --n-color-disabled: rgb(250, 250, 252); --n-font-size: 15px; --n-height: 40px; --n-padding-single-top: 0; --n-padding-multiple-top: 3px; --n-padding-single-right: 26px; --n-padding-multiple-right: 26px; --n-padding-single-left: 12px; --n-padding-multiple-left: 12px; --n-padding-single-bottom: 0; --n-padding-multiple-bottom: 0; --n-placeholder-color: rgba(194, 194, 194, 1); --n-placeholder-color-disabled: rgba(209, 209, 209, 1); --n-text-color: rgb(51, 54, 57); --n-text-color-disabled: rgba(194, 194, 194, 1); --n-arrow-color: rgba(194, 194, 194, 1); --n-arrow-color-disabled: rgba(209, 209, 209, 1); --n-loading-color: #18a058; --n-color-active-warning: rgba(255, 255, 255, 1); --n-box-shadow-focus-warning: 0 0 0 2px rgba(240, 160, 32, 0.2); --n-box-shadow-active-warning: 0 0 0 2px rgba(240, 160, 32, 0.2); --n-box-shadow-hover-warning: none; --n-border-warning: 1px solid #f0a020; --n-border-focus-warning: 1px solid #fcb040; --n-border-hover-warning: 1px solid #fcb040; --n-border-active-warning: 1px solid #f0a020; --n-color-active-error: rgba(255, 255, 255, 1); --n-box-shadow-focus-error: 0 0 0 2px rgba(208, 48, 80, 0.2); --n-box-shadow-active-error: 0 0 0 2px rgba(208, 48, 80, 0.2); --n-box-shadow-hover-error: none; --n-border-error: 1px solid #d03050; --n-border-focus-error: 1px solid #de576d; --n-border-hover-error: 1px solid #de576d; --n-border-active-error: 1px solid #d03050; --n-clear-size: 16px; --n-clear-color: rgba(194, 194, 194, 1); --n-clear-color-hover: rgba(146, 146, 146, 1); --n-clear-color-pressed: rgba(175, 175, 175, 1); --n-arrow-size: 16px;"`;
