// Vitest Snapshot v1

exports[`n-date-picker > should work with \`size\` prop 1`] = `"--n-bezier: cubic-bezier(.4, 0, .2, 1); --n-count-text-color: rgb(118, 124, 130); --n-color: rgba(255, 255, 255, 1); --n-font-size: 14px; --n-border-radius: 3px; --n-height: 28px; --n-padding-left: 10px; --n-padding-right: 10px; --n-text-color: rgb(51, 54, 57); --n-caret-color: #18a058; --n-text-decoration-color: rgb(51, 54, 57); --n-border: 1px solid rgb(224, 224, 230); --n-border-disabled: 1px solid rgb(224, 224, 230); --n-border-hover: 1px solid #36ad6a; --n-border-focus: 1px solid #36ad6a; --n-placeholder-color: rgba(194, 194, 194, 1); --n-placeholder-color-disabled: rgba(209, 209, 209, 1); --n-icon-size: 16px; --n-line-height-textarea: 1.6; --n-color-disabled: rgb(250, 250, 252); --n-color-focus: rgba(255, 255, 255, 1); --n-text-color-disabled: rgba(194, 194, 194, 1); --n-box-shadow-focus: 0 0 0 2px rgba(24, 160, 88, 0.2); --n-loading-color: #18a058; --n-caret-color-warning: #f0a020; --n-color-focus-warning: rgba(255, 255, 255, 1); --n-box-shadow-focus-warning: 0 0 0 2px rgba(240, 160, 32, 0.2); --n-border-warning: 1px solid #f0a020; --n-border-focus-warning: 1px solid #fcb040; --n-border-hover-warning: 1px solid #fcb040; --n-loading-color-warning: #f0a020; --n-caret-color-error: #d03050; --n-color-focus-error: rgba(255, 255, 255, 1); --n-box-shadow-focus-error: 0 0 0 2px rgba(208, 48, 80, 0.2); --n-border-error: 1px solid #d03050; --n-border-focus-error: 1px solid #de576d; --n-border-hover-error: 1px solid #de576d; --n-loading-color-error: #d03050; --n-clear-color: rgba(194, 194, 194, 1); --n-clear-size: 16px; --n-clear-color-hover: rgba(146, 146, 146, 1); --n-clear-color-pressed: rgba(175, 175, 175, 1); --n-icon-color: rgba(194, 194, 194, 1); --n-icon-color-hover: rgba(146, 146, 146, 1); --n-icon-color-pressed: rgba(175, 175, 175, 1); --n-icon-color-disabled: rgba(209, 209, 209, 1); --n-suffix-text-color: rgb(51, 54, 57);"`;

exports[`n-date-picker > should work with \`size\` prop 2`] = `"--n-bezier: cubic-bezier(.4, 0, .2, 1); --n-count-text-color: rgb(118, 124, 130); --n-color: rgba(255, 255, 255, 1); --n-font-size: 14px; --n-border-radius: 3px; --n-height: 34px; --n-padding-left: 12px; --n-padding-right: 12px; --n-text-color: rgb(51, 54, 57); --n-caret-color: #18a058; --n-text-decoration-color: rgb(51, 54, 57); --n-border: 1px solid rgb(224, 224, 230); --n-border-disabled: 1px solid rgb(224, 224, 230); --n-border-hover: 1px solid #36ad6a; --n-border-focus: 1px solid #36ad6a; --n-placeholder-color: rgba(194, 194, 194, 1); --n-placeholder-color-disabled: rgba(209, 209, 209, 1); --n-icon-size: 16px; --n-line-height-textarea: 1.6; --n-color-disabled: rgb(250, 250, 252); --n-color-focus: rgba(255, 255, 255, 1); --n-text-color-disabled: rgba(194, 194, 194, 1); --n-box-shadow-focus: 0 0 0 2px rgba(24, 160, 88, 0.2); --n-loading-color: #18a058; --n-caret-color-warning: #f0a020; --n-color-focus-warning: rgba(255, 255, 255, 1); --n-box-shadow-focus-warning: 0 0 0 2px rgba(240, 160, 32, 0.2); --n-border-warning: 1px solid #f0a020; --n-border-focus-warning: 1px solid #fcb040; --n-border-hover-warning: 1px solid #fcb040; --n-loading-color-warning: #f0a020; --n-caret-color-error: #d03050; --n-color-focus-error: rgba(255, 255, 255, 1); --n-box-shadow-focus-error: 0 0 0 2px rgba(208, 48, 80, 0.2); --n-border-error: 1px solid #d03050; --n-border-focus-error: 1px solid #de576d; --n-border-hover-error: 1px solid #de576d; --n-loading-color-error: #d03050; --n-clear-color: rgba(194, 194, 194, 1); --n-clear-size: 16px; --n-clear-color-hover: rgba(146, 146, 146, 1); --n-clear-color-pressed: rgba(175, 175, 175, 1); --n-icon-color: rgba(194, 194, 194, 1); --n-icon-color-hover: rgba(146, 146, 146, 1); --n-icon-color-pressed: rgba(175, 175, 175, 1); --n-icon-color-disabled: rgba(209, 209, 209, 1); --n-suffix-text-color: rgb(51, 54, 57);"`;

exports[`n-date-picker > should work with \`size\` prop 3`] = `"--n-bezier: cubic-bezier(.4, 0, .2, 1); --n-count-text-color: rgb(118, 124, 130); --n-color: rgba(255, 255, 255, 1); --n-font-size: 15px; --n-border-radius: 3px; --n-height: 40px; --n-padding-left: 14px; --n-padding-right: 14px; --n-text-color: rgb(51, 54, 57); --n-caret-color: #18a058; --n-text-decoration-color: rgb(51, 54, 57); --n-border: 1px solid rgb(224, 224, 230); --n-border-disabled: 1px solid rgb(224, 224, 230); --n-border-hover: 1px solid #36ad6a; --n-border-focus: 1px solid #36ad6a; --n-placeholder-color: rgba(194, 194, 194, 1); --n-placeholder-color-disabled: rgba(209, 209, 209, 1); --n-icon-size: 16px; --n-line-height-textarea: 1.6; --n-color-disabled: rgb(250, 250, 252); --n-color-focus: rgba(255, 255, 255, 1); --n-text-color-disabled: rgba(194, 194, 194, 1); --n-box-shadow-focus: 0 0 0 2px rgba(24, 160, 88, 0.2); --n-loading-color: #18a058; --n-caret-color-warning: #f0a020; --n-color-focus-warning: rgba(255, 255, 255, 1); --n-box-shadow-focus-warning: 0 0 0 2px rgba(240, 160, 32, 0.2); --n-border-warning: 1px solid #f0a020; --n-border-focus-warning: 1px solid #fcb040; --n-border-hover-warning: 1px solid #fcb040; --n-loading-color-warning: #f0a020; --n-caret-color-error: #d03050; --n-color-focus-error: rgba(255, 255, 255, 1); --n-box-shadow-focus-error: 0 0 0 2px rgba(208, 48, 80, 0.2); --n-border-error: 1px solid #d03050; --n-border-focus-error: 1px solid #de576d; --n-border-hover-error: 1px solid #de576d; --n-loading-color-error: #d03050; --n-clear-color: rgba(194, 194, 194, 1); --n-clear-size: 16px; --n-clear-color-hover: rgba(146, 146, 146, 1); --n-clear-color-pressed: rgba(175, 175, 175, 1); --n-icon-color: rgba(194, 194, 194, 1); --n-icon-color-hover: rgba(146, 146, 146, 1); --n-icon-color-pressed: rgba(175, 175, 175, 1); --n-icon-color-disabled: rgba(209, 209, 209, 1); --n-suffix-text-color: rgb(51, 54, 57);"`;
