// Vitest Snapshot v1, https://vitest.dev/guide/snapshot.html

exports[`n-legacy-transfer > should work with \`size\` prop 1`] = `"--n-bezier: cubic-bezier(.4, 0, .2, 1); --n-bezier-ease-in: cubic-bezier(.4, 0, 1, 1); --n-bezier-ease-out: cubic-bezier(0, 0, .2, 1); --n-border-color: rgb(224, 224, 230); --n-border-radius: 3px; --n-extra-font-size: 12px; --n-filter-divider-color: rgb(224, 224, 230); --n-font-size: 14px; --n-header-color: rgba(250, 250, 252, 1); --n-header-extra-text-color: rgb(51, 54, 57); --n-header-font-weight: 400; --n-header-text-color: rgb(31, 34, 37); --n-header-text-color-disabled: rgba(194, 194, 194, 1); --n-item-color-pending: rgb(243, 243, 245); --n-item-height: 28px; --n-item-text-color: rgb(51, 54, 57); --n-item-text-color-disabled: rgba(194, 194, 194, 1); --n-list-color: #fff; --n-width: 440px; --n-icon-color: rgba(194, 194, 194, 1); --n-icon-color-disabled: rgba(209, 209, 209, 1);"`;

exports[`n-legacy-transfer > should work with \`size\` prop 2`] = `"--n-bezier: cubic-bezier(.4, 0, .2, 1); --n-bezier-ease-in: cubic-bezier(.4, 0, 1, 1); --n-bezier-ease-out: cubic-bezier(0, 0, .2, 1); --n-border-color: rgb(224, 224, 230); --n-border-radius: 3px; --n-extra-font-size: 12px; --n-filter-divider-color: rgb(224, 224, 230); --n-font-size: 14px; --n-header-color: rgba(250, 250, 252, 1); --n-header-extra-text-color: rgb(51, 54, 57); --n-header-font-weight: 400; --n-header-text-color: rgb(31, 34, 37); --n-header-text-color-disabled: rgba(194, 194, 194, 1); --n-item-color-pending: rgb(243, 243, 245); --n-item-height: 34px; --n-item-text-color: rgb(51, 54, 57); --n-item-text-color-disabled: rgba(194, 194, 194, 1); --n-list-color: #fff; --n-width: 440px; --n-icon-color: rgba(194, 194, 194, 1); --n-icon-color-disabled: rgba(209, 209, 209, 1);"`;

exports[`n-legacy-transfer > should work with \`size\` prop 3`] = `"--n-bezier: cubic-bezier(.4, 0, .2, 1); --n-bezier-ease-in: cubic-bezier(.4, 0, 1, 1); --n-bezier-ease-out: cubic-bezier(0, 0, .2, 1); --n-border-color: rgb(224, 224, 230); --n-border-radius: 3px; --n-extra-font-size: 12px; --n-filter-divider-color: rgb(224, 224, 230); --n-font-size: 15px; --n-header-color: rgba(250, 250, 252, 1); --n-header-extra-text-color: rgb(51, 54, 57); --n-header-font-weight: 400; --n-header-text-color: rgb(31, 34, 37); --n-header-text-color-disabled: rgba(194, 194, 194, 1); --n-item-color-pending: rgb(243, 243, 245); --n-item-height: 40px; --n-item-text-color: rgb(51, 54, 57); --n-item-text-color-disabled: rgba(194, 194, 194, 1); --n-list-color: #fff; --n-width: 440px; --n-icon-color: rgba(194, 194, 194, 1); --n-icon-color-disabled: rgba(209, 209, 209, 1);"`;
