// Vitest Snapshot v1

exports[`n-card > should work with \`size\` prop 1`] = `"--n-bezier: cubic-bezier(.4, 0, .2, 1); --n-border-radius: 3px; --n-color: #fff; --n-color-modal: #fff; --n-color-popover: #fff; --n-color-target: #18a058; --n-text-color: rgb(51, 54, 57); --n-line-height: 1.6; --n-action-color: rgb(250, 250, 252); --n-title-text-color: rgb(31, 34, 37); --n-title-font-weight: 500; --n-close-icon-color: rgba(102, 102, 102, 1); --n-close-icon-color-hover: rgba(102, 102, 102, 1); --n-close-icon-color-pressed: rgba(102, 102, 102, 1); --n-close-color-hover: rgba(0, 0, 0, .09); --n-close-color-pressed: rgba(0, 0, 0, .13); --n-border-color: rgb(239, 239, 245); --n-box-shadow: 0 1px 2px -2px rgba(0, 0, 0, .08), 0 3px 6px 0 rgba(0, 0, 0, .06), 0 5px 12px 4px rgba(0, 0, 0, .04); --n-padding-top: 12px; --n-padding-bottom: 12px; --n-padding-left: 16px; --n-font-size: 14px; --n-title-font-size: 16px; --n-close-size: 22px; --n-close-icon-size: 18px; --n-close-border-radius: 3px;"`;
