// Vitest Snapshot v1

exports[`n-spin > should work with \`size\` prop 1`] = `"--n-bezier: cubic-bezier(.4, 0, .2, 1); --n-opacity-spinning: 0.5; --n-size: 28px; --n-color: #18a058; --n-text-color: #18a058;"`;

exports[`n-spin > should work with \`size\` prop 2`] = `"--n-bezier: cubic-bezier(.4, 0, .2, 1); --n-opacity-spinning: 0.5; --n-size: 34px; --n-color: #18a058; --n-text-color: #18a058;"`;

exports[`n-spin > should work with \`size\` prop 3`] = `"--n-bezier: cubic-bezier(.4, 0, .2, 1); --n-opacity-spinning: 0.5; --n-size: 40px; --n-color: #18a058; --n-text-color: #18a058;"`;

exports[`n-spin > should work with \`size\` prop 4`] = `"--n-bezier: cubic-bezier(.4, 0, .2, 1); --n-opacity-spinning: 0.5; --n-size: 71px; --n-color: #18a058; --n-text-color: #18a058;"`;

exports[`n-spin should work with \`size\` prop 1`] = `"--n-bezier: cubic-bezier(.4, 0, .2, 1); --n-opacity-spinning: 0.5; --n-size: 28px; --n-color: #18a058; --n-text-color: #18a058;"`;

exports[`n-spin should work with \`size\` prop 2`] = `"--n-bezier: cubic-bezier(.4, 0, .2, 1); --n-opacity-spinning: 0.5; --n-size: 34px; --n-color: #18a058; --n-text-color: #18a058;"`;

exports[`n-spin should work with \`size\` prop 3`] = `"--n-bezier: cubic-bezier(.4, 0, .2, 1); --n-opacity-spinning: 0.5; --n-size: 40px; --n-color: #18a058; --n-text-color: #18a058;"`;

exports[`n-spin should work with \`size\` prop 4`] = `"--n-bezier: cubic-bezier(.4, 0, .2, 1); --n-opacity-spinning: 0.5; --n-size: 71px; --n-color: #18a058; --n-text-color: #18a058;"`;
