// Jest Snapshot v1, https://goo.gl/fbAQLP

exports[`n-tabs should work with \`size\` prop 1`] = `"--n-bezier: cubic-bezier(.4, 0, .2, 1); --n-color-segment: rgb(247, 247, 250); --n-bar-color: #18a058; --n-tab-font-size: 14px; --n-tab-text-color: rgb(31, 34, 37); --n-tab-text-color-active: #18a058; --n-tab-text-color-disabled: rgba(194, 194, 194, 1); --n-tab-text-color-hover: #18a058; --n-pane-text-color: rgb(51, 54, 57); --n-tab-border-color: rgb(239, 239, 245); --n-tab-border-radius: 3px; --n-close-size: 18px; --n-close-icon-size: 14px; --n-close-color-hover: rgba(0, 0, 0, .09); --n-close-color-pressed: rgba(0, 0, 0, .13); --n-close-border-radius: 3px; --n-close-icon-color: rgba(102, 102, 102, 1); --n-close-icon-color-hover: rgba(102, 102, 102, 1); --n-close-icon-color-pressed: rgba(102, 102, 102, 1); --n-tab-color: rgb(247, 247, 250); --n-tab-font-weight: 400; --n-tab-font-weight-active: 400; --n-tab-padding: 4px 0; --n-tab-padding-vertical: 6px 12px; --n-tab-gap: 36px; --n-tab-gap-vertical: 8px; --n-pane-padding-left: 0; --n-pane-padding-right: 0; --n-pane-padding-top: 8px; --n-pane-padding-bottom: 0; --n-font-weight-strong: 500; --n-tab-color-segment: #FFF;"`;

exports[`n-tabs should work with \`size\` prop 2`] = `"--n-bezier: cubic-bezier(.4, 0, .2, 1); --n-color-segment: rgb(247, 247, 250); --n-bar-color: #18a058; --n-tab-font-size: 14px; --n-tab-text-color: rgb(31, 34, 37); --n-tab-text-color-active: #18a058; --n-tab-text-color-disabled: rgba(194, 194, 194, 1); --n-tab-text-color-hover: #18a058; --n-pane-text-color: rgb(51, 54, 57); --n-tab-border-color: rgb(239, 239, 245); --n-tab-border-radius: 3px; --n-close-size: 18px; --n-close-icon-size: 14px; --n-close-color-hover: rgba(0, 0, 0, .09); --n-close-color-pressed: rgba(0, 0, 0, .13); --n-close-border-radius: 3px; --n-close-icon-color: rgba(102, 102, 102, 1); --n-close-icon-color-hover: rgba(102, 102, 102, 1); --n-close-icon-color-pressed: rgba(102, 102, 102, 1); --n-tab-color: rgb(247, 247, 250); --n-tab-font-weight: 400; --n-tab-font-weight-active: 400; --n-tab-padding: 6px 0; --n-tab-padding-vertical: 8px 16px; --n-tab-gap: 36px; --n-tab-gap-vertical: 8px; --n-pane-padding-left: 0; --n-pane-padding-right: 0; --n-pane-padding-top: 12px; --n-pane-padding-bottom: 0; --n-font-weight-strong: 500; --n-tab-color-segment: #FFF;"`;

exports[`n-tabs should work with \`size\` prop 3`] = `"--n-bezier: cubic-bezier(.4, 0, .2, 1); --n-color-segment: rgb(247, 247, 250); --n-bar-color: #18a058; --n-tab-font-size: 16px; --n-tab-text-color: rgb(31, 34, 37); --n-tab-text-color-active: #18a058; --n-tab-text-color-disabled: rgba(194, 194, 194, 1); --n-tab-text-color-hover: #18a058; --n-pane-text-color: rgb(51, 54, 57); --n-tab-border-color: rgb(239, 239, 245); --n-tab-border-radius: 3px; --n-close-size: 18px; --n-close-icon-size: 14px; --n-close-color-hover: rgba(0, 0, 0, .09); --n-close-color-pressed: rgba(0, 0, 0, .13); --n-close-border-radius: 3px; --n-close-icon-color: rgba(102, 102, 102, 1); --n-close-icon-color-hover: rgba(102, 102, 102, 1); --n-close-icon-color-pressed: rgba(102, 102, 102, 1); --n-tab-color: rgb(247, 247, 250); --n-tab-font-weight: 400; --n-tab-font-weight-active: 400; --n-tab-padding: 10px 0; --n-tab-padding-vertical: 10px 20px; --n-tab-gap: 36px; --n-tab-gap-vertical: 8px; --n-pane-padding-left: 0; --n-pane-padding-right: 0; --n-pane-padding-top: 16px; --n-pane-padding-bottom: 0; --n-font-weight-strong: 500; --n-tab-color-segment: #FFF;"`;
